../Core/Src/main.c:87:5:__io_putchar	16	static
../Core/Src/main.c:112:5:main	104	static
../Core/Src/main.c:201:6:SystemClock_Config	88	static
../Core/Src/main.c:248:13:MX_TIM1_Init	96	static
../Core/Src/main.c:327:13:MX_TIM2_Init	64	static
../Core/Src/main.c:386:13:MX_TIM3_Init	56	static
../Core/Src/main.c:435:13:MX_USART1_UART_Init	8	static
../Core/Src/main.c:468:13:MX_USART2_UART_Init	8	static
../Core/Src/main.c:501:13:MX_GPIO_Init	40	static
../Core/Src/main.c:523:6:HAL_UART_RxCpltCallback	24	static
../Core/Src/main.c:561:6:Motor_SetSpeed	24	static
../Core/Src/main.c:589:6:Servo_SetAngle	24	static
../Core/Src/main.c:609:6:Commu_function	32	static
../Core/Src/main.c:642:6:Motor_Servo_Task_Function	16	static
../Core/Src/main.c:673:6:Read_Encoder	40	static
../Core/Src/main.c:727:6:HAL_TIM_PeriodElapsedCallback	16	static
../Core/Src/main.c:744:6:Error_Handler	4	static,ignoring_inline_asm
