../Core/Src/main.c:89:5:__io_putchar	16	static
../Core/Src/main.c:114:5:main	104	static
../Core/Src/main.c:204:6:SystemClock_Config	88	static
../Core/Src/main.c:251:13:MX_TIM2_Init	64	static
../Core/Src/main.c:310:13:MX_TIM3_Init	64	static
../Core/Src/main.c:373:13:MX_TIM4_Init	32	static
../Core/Src/main.c:418:13:MX_TIM5_Init	56	static
../Core/Src/main.c:467:13:MX_USART1_UART_Init	8	static
../Core/Src/main.c:500:13:MX_USART2_UART_Init	8	static
../Core/Src/main.c:533:13:MX_GPIO_Init	40	static
../Core/Src/main.c:555:6:HAL_UART_RxCpltCallback	24	static
../Core/Src/main.c:593:6:Motor_SetSpeed	24	static
../Core/Src/main.c:621:6:Servo_SetAngle	24	static
../Core/Src/main.c:641:6:Commu_function	32	static
../Core/Src/main.c:673:6:Motor_Servo_Task_Function	16	static
../Core/Src/main.c:704:6:Read_Encoder	40	static
../Core/Src/main.c:758:6:HAL_TIM_PeriodElapsedCallback	16	static
../Core/Src/main.c:775:6:Error_Handler	4	static,ignoring_inline_asm
