../Core/Src/main.c:44:5:main	8	static
../Core/Src/main.c:84:6:SystemClock_Config	88	static
../Core/Src/main.c:131:13:MX_TIM1_Init	96	static
../Core/Src/main.c:210:13:MX_TIM2_Init	64	static
../Core/Src/main.c:269:13:MX_TIM3_Init	56	static
../Core/Src/main.c:318:13:MX_USART1_UART_Init	8	static
../Core/Src/main.c:351:13:MX_USART2_UART_Init	8	static
../Core/Src/main.c:384:13:MX_GPIO_Init	40	static
../Core/Src/main.c:404:6:HAL_TIM_PeriodElapsedCallback	16	static
../Core/Src/main.c:411:6:Error_Handler	4	static,ignoring_inline_asm
