../Core/Src/main.c:55:5:main	8	static
../Core/Src/main.c:104:6:SystemClock_Config	88	static
../Core/Src/main.c:151:13:MX_TIM1_Init	96	static
../Core/Src/main.c:230:13:MX_TIM2_Init	64	static
../Core/Src/main.c:289:13:MX_TIM3_Init	56	static
../Core/Src/main.c:338:13:MX_USART1_UART_Init	8	static
../Core/Src/main.c:371:13:MX_USART2_UART_Init	8	static
../Core/Src/main.c:404:13:MX_GPIO_Init	40	static
../Core/Src/main.c:424:6:HAL_TIM_PeriodElapsedCallback	16	static
../Core/Src/main.c:431:6:Error_Handler	4	static,ignoring_inline_asm
