../Core/Src/main.c:48:5:main	80	static
../Core/Src/main.c:95:6:SystemClock_Config	80	static
../Core/Src/main.c:136:13:MX_TIM1_Init	96	static
../Core/Src/main.c:212:13:MX_TIM2_Init	64	static
../Core/Src/main.c:276:13:MX_TIM3_Init	56	static
../Core/Src/main.c:322:13:MX_USART2_UART_Init	8	static
../Core/Src/main.c:352:13:MX_GPIO_Init	48	static
../Core/Src/main.c:378:6:HAL_UART_RxCpltCallback	16	static
../Core/Src/main.c:396:6:HAL_TIM_PeriodElapsedCallback	16	static
../Core/Src/main.c:403:6:Error_Handler	4	static
