../Core/Src/main.c:34:5:__io_putchar	16	static
../Core/Src/main.c:50:5:main	8	static
../Core/Src/main.c:88:6:SystemClock_Config	88	static
../Core/Src/main.c:135:13:MX_TIM1_Init	96	static
../Core/Src/main.c:214:13:MX_TIM2_Init	64	static
../Core/Src/main.c:273:13:MX_TIM3_Init	56	static
../Core/Src/main.c:322:13:MX_USART1_UART_Init	8	static
../Core/Src/main.c:355:13:MX_USART2_UART_Init	8	static
../Core/Src/main.c:388:13:MX_GPIO_Init	40	static
../Core/Src/main.c:408:6:HAL_TIM_PeriodElapsedCallback	16	static
../Core/Src/main.c:415:6:Error_Handler	4	static,ignoring_inline_asm
