../Core/Src/main.c:50:5:main	8	static
../Core/Src/main.c:90:6:SystemClock_Config	88	static
../Core/Src/main.c:137:13:MX_TIM1_Init	96	static
../Core/Src/main.c:216:13:MX_TIM2_Init	64	static
../Core/Src/main.c:275:13:MX_TIM3_Init	56	static
../Core/Src/main.c:324:13:MX_USART1_UART_Init	8	static
../Core/Src/main.c:357:13:MX_USART2_UART_Init	8	static
../Core/Src/main.c:390:13:MX_GPIO_Init	40	static
../Core/Src/main.c:410:6:HAL_TIM_PeriodElapsedCallback	16	static
../Core/Src/main.c:417:6:Error_Handler	4	static,ignoring_inline_asm
